
> frontend@0.0.0 build
> vite build

[36mvite v8.0.1 [32mbuilding client environment for production...[36m[39m
[2K
transforming...Γ£ô 486 modules transformed.
rendering chunks...
node.exe : [31mΓ£ù[39m Build 
failed in 329ms
At line:1 char:1
+ & "C:\Program 
Files\nodejs/node.exe" "C:\Program 
Files\nodejs/node_mo ...
+ ~~~~~~~~~~~~~~~~~~~~~~~~~~~~~~~~~
~~~~~~~~~~~~~~~~~~~~~~~~~~~~~~~~~~~
~
    + CategoryInfo          : NotS 
   pecified: ([31mΓ£ù[39m Build  
   failed in 329ms:String) [], R   
 emoteException
    + FullyQualifiedErrorId : Nati 
   veCommandError
 
[31merror during build:
[31mBuild failed with 2 errors:

[31m[MISSING_EXPORT] Error:[0m 
"LuEdit2" is not exported by "node_
modules/react-icons/lu/index.mjs".
   [38;5;246mΓò¡[0m[38;5;246mΓöÇ
[0m[38;5;246m[[0m src/modules/ad
min/pages/CatalogPage.jsx:3:38 
[38;5;246m][0m
   [38;5;246mΓöé[0m
 [38;5;246m3 Γöé[0m [38;5;249mi
[0m[38;5;249mm[0m[38;5;249mp[0m
[38;5;249mo[0m[38;5;249mr[0m[3
8;5;249mt[0m[38;5;249m 
[0m[38;5;249m{[0m[38;5;249m [0
m[38;5;249mL[0m[38;5;249mu[0m[
38;5;249mS[0m[38;5;249me[0m[38;
5;249ma[0m[38;5;249mr[0m[38;5;2
49mc[0m[38;5;249mh[0m[38;5;249m
,[0m[38;5;249m [0m[38;5;249mL[
0m[38;5;249mu[0m[38;5;249mP[0m
[38;5;249ml[0m[38;5;249mu[0m[38
;5;249ms[0m[38;5;249m,[0m[38;5;
249m [0m[38;5;249mL[0m[38;5;249
mu[0m[38;5;249mT[0m[38;5;249mr
[0m[38;5;249ma[0m[38;5;249ms[0m
[38;5;249mh[0m[38;5;249m2[0m[3
8;5;249m,[0m[38;5;249m [0mLuEdit
2[38;5;249m,[0m[38;5;249m [0m[
38;5;249mL[0m[38;5;249mu[0m[38;
5;249mF[0m[38;5;249mi[0m[38;5;2
49ml[0m[38;5;249mt[0m[38;5;249m
e[0m[38;5;249mr[0m[38;5;249m,[
0m[38;5;249m [0m[38;5;249mL[0m
[38;5;249mu[0m[38;5;249mC[0m[38
;5;249mh[0m[38;5;249me[0m[38;5;
249mc[0m[38;5;249mk[0m[38;5;249
m,[0m[38;5;249m [0m[38;5;249mL
[0m[38;5;249mu[0m[38;5;249mX[0m
[38;5;249m 
[0m[38;5;249m}[0m[38;5;249m [0
m[38;5;249mf[0m[38;5;249mr[0m[
38;5;249mo[0m[38;5;249mm[0m[38;
5;249m [0m[38;5;249m"[0m[38;5;2
49mr[0m[38;5;249me[0m[38;5;249m
a[0m[38;5;249mc[0m[38;5;249mt[
0m[38;5;249m-[0m[38;5;249mi[0m
[38;5;249mc[0m[38;5;249mo[0m[38
;5;249mn[0m[38;5;249ms[0m[38;5;
249m/[0m[38;5;249ml[0m[38;5;249
mu[0m[38;5;249m"[0m[38;5;249m;
[0m
 [38;5;240m  Γöé[0m              
                        
ΓöÇΓöÇΓöÇΓö¼ΓöÇΓöÇΓöÇ  
 [38;5;240m  Γöé[0m              
                           
Γò░ΓöÇΓöÇΓöÇΓöÇΓöÇ Missing export
[38;5;246mΓöÇΓöÇΓöÇΓò»[0m

[31m[MISSING_EXPORT] Error:[0m 
"LuMoreVertical" is not exported 
by "node_modules/react-icons/lu/ind
ex.mjs".
   [38;5;246mΓò¡[0m[38;5;246mΓöÇ
[0m[38;5;246m[[0m src/modules/ad
min/pages/CategoriesPage.jsx:3:28 
[38;5;246m][0m
   [38;5;246mΓöé[0m
 [38;5;246m3 Γöé[0m [38;5;249mi
[0m[38;5;249mm[0m[38;5;249mp[0m
[38;5;249mo[0m[38;5;249mr[0m[3
8;5;249mt[0m[38;5;249m 
[0m[38;5;249m{[0m[38;5;249m [0
m[38;5;249mL[0m[38;5;249mu[0m[
38;5;249mP[0m[38;5;249ml[0m[38;
5;249mu[0m[38;5;249ms[0m[38;5;2
49m,[0m[38;5;249m [0m[38;5;249m
L[0m[38;5;249mu[0m[38;5;249mF[
0m[38;5;249mo[0m[38;5;249ml[0m
[38;5;249md[0m[38;5;249me[0m[38
;5;249mr[0m[38;5;249m,[0m[38;5;
249m [0mLuMoreVertical[38;5;249m,
[0m[38;5;249m [0m[38;5;249mL[0
m[38;5;249mu[0m[38;5;249mX[0m[
38;5;249m,[0m[38;5;249m [0m[38;
5;249mL[0m[38;5;249mu[0m[38;5;2
49mC[0m[38;5;249mh[0m[38;5;249m
e[0m[38;5;249mc[0m[38;5;249mk[
0m[38;5;249m 
[0m[38;5;249m}[0m[38;5;249m [0
m[38;5;249mf[0m[38;5;249mr[0m[
38;5;249mo[0m[38;5;249mm[0m[38;
5;249m [0m[38;5;249m"[0m[38;5;2
49mr[0m[38;5;249me[0m[38;5;249m
a[0m[38;5;249mc[0m[38;5;249mt[
0m[38;5;249m-[0m[38;5;249mi[0m
[38;5;249mc[0m[38;5;249mo[0m[38
;5;249mn[0m[38;5;249ms[0m[38;5;
249m/[0m[38;5;249ml[0m[38;5;249
mu[0m[38;5;249m"[0m[38;5;249m;
[0m
 [38;5;240m  Γöé[0m              
              ΓöÇΓöÇΓöÇΓöÇΓöÇΓöÇΓöÇ
Γö¼ΓöÇΓöÇΓöÇΓöÇΓöÇΓöÇ  
 [38;5;240m  Γöé[0m              
                     
Γò░ΓöÇΓöÇΓöÇΓöÇΓöÇΓöÇΓöÇΓöÇ 
Missing export
[38;5;246mΓöÇΓöÇΓöÇΓò»[0m
[31m
    at 
aggregateBindingErrorsIntoJsError (
file:///C:/Users/HP/Desktop/Riddha-
interio-mart/frontend/node_modules/
rolldown/dist/shared/error-BO4SlZV_
.mjs:48:18)
    at unwrapBindingResult (file://
/C:/Users/HP/Desktop/Riddha-interio
-mart/frontend/node_modules/rolldow
n/dist/shared/error-BO4SlZV_.mjs:18
:128)
    at #build (file:///C:/Users/HP/
Desktop/Riddha-interio-mart/fronten
d/node_modules/rolldown/dist/shared
/rolldown-build-yQC7KN8K.mjs:3311:3
4)
    at async buildEnvironment (file
:///C:/Users/HP/Desktop/Riddha-inte
rio-mart/frontend/node_modules/vite
/dist/node/chunks/node.js:32817:64)
    at async Object.build (file:///
C:/Users/HP/Desktop/Riddha-interio-
mart/frontend/node_modules/vite/dis
t/node/chunks/node.js:33239:19)
    at async Object.buildApp (file:
///C:/Users/HP/Desktop/Riddha-inter
io-mart/frontend/node_modules/vite/
dist/node/chunks/node.js:33236:153)
    at async CAC.<anonymous> (file:
///C:/Users/HP/Desktop/Riddha-inter
io-mart/frontend/node_modules/vite/
dist/node/cli.js:778:3) {
  errors: [Getter/Setter]
}[39m
